---
source: src/lib.rs
expression: "postcompile::compile!\n{\n    #![allow(unused)] #[derive(Debug, Clone, serde_derive2::Deserialize)]\n    struct Test { a: u32, b: i32, } static TEST: Test = Test\n    { a: 1, b: proc::magic_macro2!(1, 2) }; fn test()\n    { let x = 1; let y = 2; let z = x + y; }\n}"
snapshot_kind: text
---
exit status: 0
--- stdout 
#![feature(prelude_import)]
#![allow(unused)]
#[prelude_import]
use std::prelude::rust_2021::*;
#[macro_use]
extern crate std;
struct Test {
    a: u32,
    b: i32,
}
#[automatically_derived]
impl ::core::fmt::Debug for Test {
    #[inline]
    fn fmt(&self, f: &mut ::core::fmt::Formatter) -> ::core::fmt::Result {
        ::core::fmt::Formatter::debug_struct_field2_finish(
            f,
            "Test",
            "a",
            &self.a,
            "b",
            &&self.b,
        )
    }
}
#[automatically_derived]
impl ::core::clone::Clone for Test {
    #[inline]
    fn clone(&self) -> Test {
        Test {
            a: ::core::clone::Clone::clone(&self.a),
            b: ::core::clone::Clone::clone(&self.b),
        }
    }
}
#[doc(hidden)]
#[allow(non_upper_case_globals, unused_attributes, unused_qualifications)]
const _: () = {
    #[allow(unused_extern_crates, clippy::useless_attribute)]
    extern crate serde as _serde;
    #[automatically_derived]
    impl<'de> _serde::Deserialize<'de> for Test {
        fn deserialize<__D>(
            __deserializer: __D,
        ) -> _serde::__private::Result<Self, __D::Error>
        where
            __D: _serde::Deserializer<'de>,
        {
            #[allow(non_camel_case_types)]
            #[doc(hidden)]
            enum __Field {
                __field0,
                __field1,
                __ignore,
            }
            #[doc(hidden)]
            struct __FieldVisitor;
            impl<'de> _serde::de::Visitor<'de> for __FieldVisitor {
                type Value = __Field;
                fn expecting(
                    &self,
                    __formatter: &mut _serde::__private::Formatter,
                ) -> _serde::__private::fmt::Result {
                    _serde::__private::Formatter::write_str(
                        __formatter,
                        "field identifier",
                    )
                }
                fn visit_u64<__E>(
                    self,
                    __value: u64,
                ) -> _serde::__private::Result<Self::Value, __E>
                where
                    __E: _serde::de::Error,
                {
                    match __value {
                        0u64 => _serde::__private::Ok(__Field::__field0),
                        1u64 => _serde::__private::Ok(__Field::__field1),
                        _ => _serde::__private::Ok(__Field::__ignore),
                    }
                }
                fn visit_str<__E>(
                    self,
                    __value: &str,
                ) -> _serde::__private::Result<Self::Value, __E>
                where
                    __E: _serde::de::Error,
                {
                    match __value {
                        "a" => _serde::__private::Ok(__Field::__field0),
                        "b" => _serde::__private::Ok(__Field::__field1),
                        _ => _serde::__private::Ok(__Field::__ignore),
                    }
                }
                fn visit_bytes<__E>(
                    self,
                    __value: &[u8],
                ) -> _serde::__private::Result<Self::Value, __E>
                where
                    __E: _serde::de::Error,
                {
                    match __value {
                        b"a" => _serde::__private::Ok(__Field::__field0),
                        b"b" => _serde::__private::Ok(__Field::__field1),
                        _ => _serde::__private::Ok(__Field::__ignore),
                    }
                }
            }
            impl<'de> _serde::Deserialize<'de> for __Field {
                #[inline]
                fn deserialize<__D>(
                    __deserializer: __D,
                ) -> _serde::__private::Result<Self, __D::Error>
                where
                    __D: _serde::Deserializer<'de>,
                {
                    _serde::Deserializer::deserialize_identifier(
                        __deserializer,
                        __FieldVisitor,
                    )
                }
            }
            #[doc(hidden)]
            struct __Visitor<'de> {
                marker: _serde::__private::PhantomData<Test>,
                lifetime: _serde::__private::PhantomData<&'de ()>,
            }
            impl<'de> _serde::de::Visitor<'de> for __Visitor<'de> {
                type Value = Test;
                fn expecting(
                    &self,
                    __formatter: &mut _serde::__private::Formatter,
                ) -> _serde::__private::fmt::Result {
                    _serde::__private::Formatter::write_str(__formatter, "struct Test")
                }
                #[inline]
                fn visit_seq<__A>(
                    self,
                    mut __seq: __A,
                ) -> _serde::__private::Result<Self::Value, __A::Error>
                where
                    __A: _serde::de::SeqAccess<'de>,
                {
                    let __field0 = match _serde::de::SeqAccess::next_element::<
                        u32,
                    >(&mut __seq)? {
                        _serde::__private::Some(__value) => __value,
                        _serde::__private::None => {
                            return _serde::__private::Err(
                                _serde::de::Error::invalid_length(
                                    0usize,
                                    &"struct Test with 2 elements",
                                ),
                            );
                        }
                    };
                    let __field1 = match _serde::de::SeqAccess::next_element::<
                        i32,
                    >(&mut __seq)? {
                        _serde::__private::Some(__value) => __value,
                        _serde::__private::None => {
                            return _serde::__private::Err(
                                _serde::de::Error::invalid_length(
                                    1usize,
                                    &"struct Test with 2 elements",
                                ),
                            );
                        }
                    };
                    _serde::__private::Ok(Test { a: __field0, b: __field1 })
                }
                #[inline]
                fn visit_map<__A>(
                    self,
                    mut __map: __A,
                ) -> _serde::__private::Result<Self::Value, __A::Error>
                where
                    __A: _serde::de::MapAccess<'de>,
                {
                    let mut __field0: _serde::__private::Option<u32> = _serde::__private::None;
                    let mut __field1: _serde::__private::Option<i32> = _serde::__private::None;
                    while let _serde::__private::Some(__key) = _serde::de::MapAccess::next_key::<
                        __Field,
                    >(&mut __map)? {
                        match __key {
                            __Field::__field0 => {
                                if _serde::__private::Option::is_some(&__field0) {
                                    return _serde::__private::Err(
                                        <__A::Error as _serde::de::Error>::duplicate_field("a"),
                                    );
                                }
                                __field0 = _serde::__private::Some(
                                    _serde::de::MapAccess::next_value::<u32>(&mut __map)?,
                                );
                            }
                            __Field::__field1 => {
                                if _serde::__private::Option::is_some(&__field1) {
                                    return _serde::__private::Err(
                                        <__A::Error as _serde::de::Error>::duplicate_field("b"),
                                    );
                                }
                                __field1 = _serde::__private::Some(
                                    _serde::de::MapAccess::next_value::<i32>(&mut __map)?,
                                );
                            }
                            _ => {
                                let _ = _serde::de::MapAccess::next_value::<
                                    _serde::de::IgnoredAny,
                                >(&mut __map)?;
                            }
                        }
                    }
                    let __field0 = match __field0 {
                        _serde::__private::Some(__field0) => __field0,
                        _serde::__private::None => {
                            _serde::__private::de::missing_field("a")?
                        }
                    };
                    let __field1 = match __field1 {
                        _serde::__private::Some(__field1) => __field1,
                        _serde::__private::None => {
                            _serde::__private::de::missing_field("b")?
                        }
                    };
                    _serde::__private::Ok(Test { a: __field0, b: __field1 })
                }
            }
            #[doc(hidden)]
            const FIELDS: &'static [&'static str] = &["a", "b"];
            _serde::Deserializer::deserialize_struct(
                __deserializer,
                "Test",
                FIELDS,
                __Visitor {
                    marker: _serde::__private::PhantomData::<Test>,
                    lifetime: _serde::__private::PhantomData,
                },
            )
        }
    }
};
static TEST: Test = Test { a: 1, b: 1 + 2 };
fn test() {
    let x = 1;
    let y = 2;
    let z = x + y;
}
